// Jest Snapshot v1, https://goo.gl/fbAQLP

exports[`simple.html 1`] = `
<!DOCTYPE html>
<html>
  <head>
    <title>Sample styled page</title>
    <style>
      body { background: navy; color: yellow; }
    </style>
  </head>
  <body>
    <h1>Sample styled page</h1>
    <p>This page is just a demo.</p>
  </body>
</html>
~~~~~~~~~~~~~~~~~~~~~~~~~~~~~~~~~~~~~~~~~~~~~~~~~~~~~~~~~~~~~~~~~~~~~~~~~~~~~~~~
<!DOCTYPE html>

<html>
<head>
  <title>Sample styled page</title>
  <style>
    body {
      background: navy;
      color: yellow;
    }
  </style>
</head>
<body>
  <h1>Sample styled page</h1>
  <p>This page is just a demo.</p>
</body>
</html>

`;

exports[`single-style.html 1`] = `
<style type="text/css">
  h1 {
    font-size: 120%;
    font-family: Verdana, Arial, Helvetica, sans-serif;
    color: #333366;
  }
</style>
~~~~~~~~~~~~~~~~~~~~~~~~~~~~~~~~~~~~~~~~~~~~~~~~~~~~~~~~~~~~~~~~~~~~~~~~~~~~~~~~
<style type="text/css">
  h1 {
    font-size: 120%;
    font-family: Verdana, Arial, Helvetica, sans-serif;
    color: #333366;
  }
</style>

`;
